hello: 0123456789
hello: 0123456789
hello: 0123456789
hello: 0123456789
hello: 0123456789
hello: 0123456789
hello: 0123456789
hello: 0123456789
hello: 0123456789
hello: 0123456789
