0 
a && b = 0
0 0 
a || b = 0
0 
a && b = 0
0 1 
a || b = 1
1 0 
a && b = 0
1 
a || b = 1
1 1 
a && b = 1
1 
a || b = 1


1 1 
0 1 1 
