x 0
1 or 3
x 2
1 or 3
4 or 5
4 or 5
x 6
x 7
x 8
x 9

x 0
x 1
x 2
x 3
x 4
x 5
x 6
x 7
x 8
x 9

